------------------------------------------------------------
Timing Analyzer Summary
------------------------------------------------------------

Type  : Slow 1100mV 85C Model Setup 'SW[6]'
Slack : -5.858
TNS   : -45.607

Type  : Slow 1100mV 85C Model Setup 'TimeCounter:tc|display'
Slack : -5.785
TNS   : -267.268

Type  : Slow 1100mV 85C Model Setup 'CLOCK_50'
Slack : -4.246
TNS   : -148.781

Type  : Slow 1100mV 85C Model Setup 'keyboard_press_driver:keytest|keyboard_inner_driver:kbd|keyboard_clk_filtered'
Slack : -2.465
TNS   : -35.115

Type  : Slow 1100mV 85C Model Setup 'keyboard_press_driver:keytest|keyboard_inner_driver:kbd|clock'
Slack : -1.881
TNS   : -11.083

Type  : Slow 1100mV 85C Model Setup 'VGA|mypll|altpll_component|auto_generated|generic_pll1~PLL_OUTPUT_COUNTER|divclk'
Slack : 34.644
TNS   : 0.000

Type  : Slow 1100mV 85C Model Hold 'CLOCK_50'
Slack : 0.306
TNS   : 0.000

Type  : Slow 1100mV 85C Model Hold 'VGA|mypll|altpll_component|auto_generated|generic_pll1~PLL_OUTPUT_COUNTER|divclk'
Slack : 0.390
TNS   : 0.000

Type  : Slow 1100mV 85C Model Hold 'keyboard_press_driver:keytest|keyboard_inner_driver:kbd|keyboard_clk_filtered'
Slack : 0.477
TNS   : 0.000

Type  : Slow 1100mV 85C Model Hold 'keyboard_press_driver:keytest|keyboard_inner_driver:kbd|clock'
Slack : 0.480
TNS   : 0.000

Type  : Slow 1100mV 85C Model Hold 'TimeCounter:tc|display'
Slack : 0.515
TNS   : 0.000

Type  : Slow 1100mV 85C Model Hold 'SW[6]'
Slack : 1.008
TNS   : 0.000

Type  : Slow 1100mV 85C Model Recovery 'SW[6]'
Slack : -5.146
TNS   : -38.892

Type  : Slow 1100mV 85C Model Recovery 'keyboard_press_driver:keytest|keyboard_inner_driver:kbd|ready_set'
Slack : -4.263
TNS   : -4.263

Type  : Slow 1100mV 85C Model Removal 'SW[6]'
Slack : 1.244
TNS   : 0.000

Type  : Slow 1100mV 85C Model Removal 'keyboard_press_driver:keytest|keyboard_inner_driver:kbd|ready_set'
Slack : 3.510
TNS   : 0.000

Type  : Slow 1100mV 85C Model Minimum Pulse Width 'TimeCounter:tc|display'
Slack : -0.394
TNS   : -46.167

Type  : Slow 1100mV 85C Model Minimum Pulse Width 'keyboard_press_driver:keytest|keyboard_inner_driver:kbd|keyboard_clk_filtered'
Slack : -0.394
TNS   : -12.267

Type  : Slow 1100mV 85C Model Minimum Pulse Width 'keyboard_press_driver:keytest|keyboard_inner_driver:kbd|clock'
Slack : -0.394
TNS   : -6.605

Type  : Slow 1100mV 85C Model Minimum Pulse Width 'keyboard_press_driver:keytest|keyboard_inner_driver:kbd|ready_set'
Slack : -0.394
TNS   : -0.523

Type  : Slow 1100mV 85C Model Minimum Pulse Width 'SW[6]'
Slack : 0.178
TNS   : 0.000

Type  : Slow 1100mV 85C Model Minimum Pulse Width 'VGA|mypll|altpll_component|auto_generated|generic_pll1~FRACTIONAL_PLL|vcoph[0]'
Slack : 1.666
TNS   : 0.000

Type  : Slow 1100mV 85C Model Minimum Pulse Width 'CLOCK_50'
Slack : 8.831
TNS   : 0.000

Type  : Slow 1100mV 85C Model Minimum Pulse Width 'VGA|mypll|altpll_component|auto_generated|generic_pll1~PLL_OUTPUT_COUNTER|divclk'
Slack : 18.778
TNS   : 0.000

Type  : Slow 1100mV 0C Model Setup 'TimeCounter:tc|display'
Slack : -6.020
TNS   : -267.157

Type  : Slow 1100mV 0C Model Setup 'SW[6]'
Slack : -5.732
TNS   : -44.617

Type  : Slow 1100mV 0C Model Setup 'CLOCK_50'
Slack : -3.883
TNS   : -132.142

Type  : Slow 1100mV 0C Model Setup 'keyboard_press_driver:keytest|keyboard_inner_driver:kbd|keyboard_clk_filtered'
Slack : -2.415
TNS   : -33.888

Type  : Slow 1100mV 0C Model Setup 'keyboard_press_driver:keytest|keyboard_inner_driver:kbd|clock'
Slack : -1.902
TNS   : -11.133

Type  : Slow 1100mV 0C Model Setup 'VGA|mypll|altpll_component|auto_generated|generic_pll1~PLL_OUTPUT_COUNTER|divclk'
Slack : 34.948
TNS   : 0.000

Type  : Slow 1100mV 0C Model Hold 'CLOCK_50'
Slack : -0.074
TNS   : -0.258

Type  : Slow 1100mV 0C Model Hold 'VGA|mypll|altpll_component|auto_generated|generic_pll1~PLL_OUTPUT_COUNTER|divclk'
Slack : 0.388
TNS   : 0.000

Type  : Slow 1100mV 0C Model Hold 'keyboard_press_driver:keytest|keyboard_inner_driver:kbd|keyboard_clk_filtered'
Slack : 0.472
TNS   : 0.000

Type  : Slow 1100mV 0C Model Hold 'TimeCounter:tc|display'
Slack : 0.501
TNS   : 0.000

Type  : Slow 1100mV 0C Model Hold 'keyboard_press_driver:keytest|keyboard_inner_driver:kbd|clock'
Slack : 0.549
TNS   : 0.000

Type  : Slow 1100mV 0C Model Hold 'SW[6]'
Slack : 0.868
TNS   : 0.000

Type  : Slow 1100mV 0C Model Recovery 'SW[6]'
Slack : -4.923
TNS   : -37.533

Type  : Slow 1100mV 0C Model Recovery 'keyboard_press_driver:keytest|keyboard_inner_driver:kbd|ready_set'
Slack : -4.379
TNS   : -4.379

Type  : Slow 1100mV 0C Model Removal 'SW[6]'
Slack : 0.988
TNS   : 0.000

Type  : Slow 1100mV 0C Model Removal 'keyboard_press_driver:keytest|keyboard_inner_driver:kbd|ready_set'
Slack : 3.641
TNS   : 0.000

Type  : Slow 1100mV 0C Model Minimum Pulse Width 'TimeCounter:tc|display'
Slack : -0.394
TNS   : -44.309

Type  : Slow 1100mV 0C Model Minimum Pulse Width 'keyboard_press_driver:keytest|keyboard_inner_driver:kbd|keyboard_clk_filtered'
Slack : -0.394
TNS   : -12.177

Type  : Slow 1100mV 0C Model Minimum Pulse Width 'keyboard_press_driver:keytest|keyboard_inner_driver:kbd|clock'
Slack : -0.394
TNS   : -6.543

Type  : Slow 1100mV 0C Model Minimum Pulse Width 'keyboard_press_driver:keytest|keyboard_inner_driver:kbd|ready_set'
Slack : -0.394
TNS   : -0.512

Type  : Slow 1100mV 0C Model Minimum Pulse Width 'SW[6]'
Slack : 0.092
TNS   : 0.000

Type  : Slow 1100mV 0C Model Minimum Pulse Width 'VGA|mypll|altpll_component|auto_generated|generic_pll1~FRACTIONAL_PLL|vcoph[0]'
Slack : 1.666
TNS   : 0.000

Type  : Slow 1100mV 0C Model Minimum Pulse Width 'CLOCK_50'
Slack : 8.790
TNS   : 0.000

Type  : Slow 1100mV 0C Model Minimum Pulse Width 'VGA|mypll|altpll_component|auto_generated|generic_pll1~PLL_OUTPUT_COUNTER|divclk'
Slack : 18.763
TNS   : 0.000

Type  : Fast 1100mV 85C Model Setup 'SW[6]'
Slack : -3.682
TNS   : -27.861

Type  : Fast 1100mV 85C Model Setup 'CLOCK_50'
Slack : -3.264
TNS   : -105.887

Type  : Fast 1100mV 85C Model Setup 'TimeCounter:tc|display'
Slack : -2.882
TNS   : -129.636

Type  : Fast 1100mV 85C Model Setup 'keyboard_press_driver:keytest|keyboard_inner_driver:kbd|keyboard_clk_filtered'
Slack : -1.219
TNS   : -13.609

Type  : Fast 1100mV 85C Model Setup 'keyboard_press_driver:keytest|keyboard_inner_driver:kbd|clock'
Slack : -1.053
TNS   : -4.227

Type  : Fast 1100mV 85C Model Setup 'VGA|mypll|altpll_component|auto_generated|generic_pll1~PLL_OUTPUT_COUNTER|divclk'
Slack : 36.432
TNS   : 0.000

Type  : Fast 1100mV 85C Model Hold 'keyboard_press_driver:keytest|keyboard_inner_driver:kbd|clock'
Slack : 0.058
TNS   : 0.000

Type  : Fast 1100mV 85C Model Hold 'CLOCK_50'
Slack : 0.177
TNS   : 0.000

Type  : Fast 1100mV 85C Model Hold 'keyboard_press_driver:keytest|keyboard_inner_driver:kbd|keyboard_clk_filtered'
Slack : 0.232
TNS   : 0.000

Type  : Fast 1100mV 85C Model Hold 'VGA|mypll|altpll_component|auto_generated|generic_pll1~PLL_OUTPUT_COUNTER|divclk'
Slack : 0.243
TNS   : 0.000

Type  : Fast 1100mV 85C Model Hold 'TimeCounter:tc|display'
Slack : 0.270
TNS   : 0.000

Type  : Fast 1100mV 85C Model Hold 'SW[6]'
Slack : 0.433
TNS   : 0.000

Type  : Fast 1100mV 85C Model Recovery 'SW[6]'
Slack : -3.134
TNS   : -23.621

Type  : Fast 1100mV 85C Model Recovery 'keyboard_press_driver:keytest|keyboard_inner_driver:kbd|ready_set'
Slack : -2.098
TNS   : -2.098

Type  : Fast 1100mV 85C Model Removal 'SW[6]'
Slack : 0.571
TNS   : 0.000

Type  : Fast 1100mV 85C Model Removal 'keyboard_press_driver:keytest|keyboard_inner_driver:kbd|ready_set'
Slack : 1.828
TNS   : 0.000

Type  : Fast 1100mV 85C Model Minimum Pulse Width 'SW[6]'
Slack : -0.171
TNS   : -2.379

Type  : Fast 1100mV 85C Model Minimum Pulse Width 'TimeCounter:tc|display'
Slack : 0.003
TNS   : 0.000

Type  : Fast 1100mV 85C Model Minimum Pulse Width 'keyboard_press_driver:keytest|keyboard_inner_driver:kbd|clock'
Slack : 0.062
TNS   : 0.000

Type  : Fast 1100mV 85C Model Minimum Pulse Width 'keyboard_press_driver:keytest|keyboard_inner_driver:kbd|keyboard_clk_filtered'
Slack : 0.072
TNS   : 0.000

Type  : Fast 1100mV 85C Model Minimum Pulse Width 'keyboard_press_driver:keytest|keyboard_inner_driver:kbd|ready_set'
Slack : 0.153
TNS   : 0.000

Type  : Fast 1100mV 85C Model Minimum Pulse Width 'VGA|mypll|altpll_component|auto_generated|generic_pll1~FRACTIONAL_PLL|vcoph[0]'
Slack : 1.666
TNS   : 0.000

Type  : Fast 1100mV 85C Model Minimum Pulse Width 'CLOCK_50'
Slack : 8.844
TNS   : 0.000

Type  : Fast 1100mV 85C Model Minimum Pulse Width 'VGA|mypll|altpll_component|auto_generated|generic_pll1~PLL_OUTPUT_COUNTER|divclk'
Slack : 18.892
TNS   : 0.000

Type  : Fast 1100mV 0C Model Setup 'SW[6]'
Slack : -3.062
TNS   : -23.068

Type  : Fast 1100mV 0C Model Setup 'TimeCounter:tc|display'
Slack : -2.840
TNS   : -117.850

Type  : Fast 1100mV 0C Model Setup 'CLOCK_50'
Slack : -2.675
TNS   : -80.694

Type  : Fast 1100mV 0C Model Setup 'keyboard_press_driver:keytest|keyboard_inner_driver:kbd|keyboard_clk_filtered'
Slack : -1.096
TNS   : -11.313

Type  : Fast 1100mV 0C Model Setup 'keyboard_press_driver:keytest|keyboard_inner_driver:kbd|clock'
Slack : -0.966
TNS   : -3.446

Type  : Fast 1100mV 0C Model Setup 'VGA|mypll|altpll_component|auto_generated|generic_pll1~PLL_OUTPUT_COUNTER|divclk'
Slack : 36.898
TNS   : 0.000

Type  : Fast 1100mV 0C Model Hold 'CLOCK_50'
Slack : -0.152
TNS   : -1.123

Type  : Fast 1100mV 0C Model Hold 'keyboard_press_driver:keytest|keyboard_inner_driver:kbd|clock'
Slack : 0.039
TNS   : 0.000

Type  : Fast 1100mV 0C Model Hold 'keyboard_press_driver:keytest|keyboard_inner_driver:kbd|keyboard_clk_filtered'
Slack : 0.177
TNS   : 0.000

Type  : Fast 1100mV 0C Model Hold 'VGA|mypll|altpll_component|auto_generated|generic_pll1~PLL_OUTPUT_COUNTER|divclk'
Slack : 0.214
TNS   : 0.000

Type  : Fast 1100mV 0C Model Hold 'TimeCounter:tc|display'
Slack : 0.246
TNS   : 0.000

Type  : Fast 1100mV 0C Model Hold 'SW[6]'
Slack : 0.247
TNS   : 0.000

Type  : Fast 1100mV 0C Model Recovery 'SW[6]'
Slack : -2.559
TNS   : -19.236

Type  : Fast 1100mV 0C Model Recovery 'keyboard_press_driver:keytest|keyboard_inner_driver:kbd|ready_set'
Slack : -2.078
TNS   : -2.078

Type  : Fast 1100mV 0C Model Removal 'SW[6]'
Slack : 0.307
TNS   : 0.000

Type  : Fast 1100mV 0C Model Removal 'keyboard_press_driver:keytest|keyboard_inner_driver:kbd|ready_set'
Slack : 1.823
TNS   : 0.000

Type  : Fast 1100mV 0C Model Minimum Pulse Width 'SW[6]'
Slack : -0.213
TNS   : -3.014

Type  : Fast 1100mV 0C Model Minimum Pulse Width 'TimeCounter:tc|display'
Slack : 0.040
TNS   : 0.000

Type  : Fast 1100mV 0C Model Minimum Pulse Width 'keyboard_press_driver:keytest|keyboard_inner_driver:kbd|clock'
Slack : 0.084
TNS   : 0.000

Type  : Fast 1100mV 0C Model Minimum Pulse Width 'keyboard_press_driver:keytest|keyboard_inner_driver:kbd|keyboard_clk_filtered'
Slack : 0.092
TNS   : 0.000

Type  : Fast 1100mV 0C Model Minimum Pulse Width 'keyboard_press_driver:keytest|keyboard_inner_driver:kbd|ready_set'
Slack : 0.163
TNS   : 0.000

Type  : Fast 1100mV 0C Model Minimum Pulse Width 'VGA|mypll|altpll_component|auto_generated|generic_pll1~FRACTIONAL_PLL|vcoph[0]'
Slack : 1.666
TNS   : 0.000

Type  : Fast 1100mV 0C Model Minimum Pulse Width 'CLOCK_50'
Slack : 8.836
TNS   : 0.000

Type  : Fast 1100mV 0C Model Minimum Pulse Width 'VGA|mypll|altpll_component|auto_generated|generic_pll1~PLL_OUTPUT_COUNTER|divclk'
Slack : 18.888
TNS   : 0.000

------------------------------------------------------------
